ack
arandr
archlinux-xdg-menu
aria2
arj
at
audacity
avahi
bash
bash-completion
bat
bc
bind-tools
bison
breeze-grub
calc
ccze
cheese
cnping-git
compton
compton-conf
conky
cower
cups
datamash-git
deepin-grub2-themes
dialog
diffutils
dmenu
dosfstools
dropbox
dstat
dunst
dzen2
easy-rsa
ebook-tools
elinks
empty
entr
espeak
ethtool
evince
exif
expac
fd
fetchmirrors
fetchpkg
ffdec
figlet
file
file-roller
findutils
firefox
firefox-tridactyl
flex
fzf
gawk
gcompmgr
gettext
git
gitflow-avh
glibc
gnome-calculator
gnu-netcat
google-chrome
gparted
graphviz
grub-customizer
gsmartcontrol
gst-libav
gst-plugins-bad
gst-plugins-base
gst-plugins-good
gst-plugins-ugly
gtop
gvfs-mtp
gvfs-smb
hddtemp
hdparm
herbstluftwm
hexedit
highlight
htop
hwinfo
i2c-tools
id3
imagemagick
inotify-tools
intel-ucode
iotop
iperf
irssi
jq
leafpad
libreoffice-fresh
libreoffice-fresh-sv
libtool
lightdm
lightdm-gtk-greeter
lightdm-gtk-greeter-settings
localepurge
lshw
lsof
lsscsi
lvm2
lxtask
lxterminal
lynx
m4
mc
mediainfo
mencoder
mesa-demos
mirage
mlocate
moreutils
mp3splt
mplayer
mtools
mtr
network-manager-applet
networkmanager
networkmanager-dispatcher-sshd
networkmanager-openvpn
nfs-utils
nmap
ntfs-3g
ntop
numlockx
openssh
openvpn
orage
os-prober
otf-mathilde
otf-texgyre
p7zip
pacaur
package-query
parallel
patch
pavucontrol
pdfgrep
perl
perl-image-exiftool
pikaur-git
pkgconf
pkgtools
powerline
powerline-fonts-git
procps-ng
psmisc
pv
python-beautifulsoup4
python-mechanicalsoup
python-pip
python-shiboken2
ranger
recover_mp4
reptyr
ripgrep
rng-tools
rofi
rsnapshot
rxvt-unicode
samba
screen
slock
smplayer
speedtest-cli-git
sshfs
strace
tcllib
tcpdump
texinfo
thunar
thunar-archive-plugin
thunar-dropbox
thunar-media-tags-plugin
thunar-volman
thunderbird
tint2
tldr
tmux
totem
tpm-tools
traceroute
transmission-cli
transmission-gtk
trash-cli
tree
ttf-adobe-fonts
ttf-croscore
ttf-dejavu
ttf-droid
ttf-fira-mono
ttf-fira-sans
ttf-gentium
ttf-hanazono
ttf-inconsolata
ttf-liberation
ttf-linux-libertine
ttf-ms-fonts
ttf-oxygen
ttf-roboto-slab
ttf-sazanami
ttf-symbola
ttf-tahoma
udevil
unrar
usbutils
vim-auto-pairs
vim-colorsamplerpack
vim-gruvbox-git
vim-guicolorscheme
vim-nerdtree
vim-pathogen
vim-supertab
vlc
volumeicon
wd719x-firmware
wget
which
whois
wireshark-cli
wireshark-gtk
wmctrl
words
x264
xarchiver
xclip
xcompmgr
xdg-user-dirs
xdotool
xmlstarlet
xscreensaver
xterm
yay
youtube-dl
z
zenity
